<html>
<body>
<pre>
<h1>µVision Build Log</h1>
<h2>Tool Versions:</h2>
IDE-Version: ¦ÌVision V5.38.0.0
Copyright (C) 2022 ARM Ltd and ARM Germany GmbH. All rights reserved.
License Information: 1 1725899811@qq.com, 1, LIC=IK1BF-6GD2G-KP6ZY-IYLHA-VUYXC-SR4JS
 
Tool Versions:
Toolchain:       MDK-ARM Plus  Version: 5.38.0.0
Toolchain Path:  E:\APP\ProgramFile\MDK\Core\ARM\ARMCC\Bin
C Compiler:      Armcc.exe V5.06 update 7 (build 960)
Assembler:       Armasm.exe V5.06 update 7 (build 960)
Linker/Locator:  ArmLink.exe V5.06 update 7 (build 960)
Library Manager: ArmAr.exe V5.06 update 7 (build 960)
Hex Converter:   FromElf.exe V5.06 update 7 (build 960)
CPU DLL:         SARMCM3.DLL V5.38.0.0
Dialog DLL:      DCM.DLL V1.17.5.0
Target DLL:      Segger\JL2CM3.dll V2.99.42.0
Dialog DLL:      TCM.DLL V1.56.4.0
 
<h2>Project:</h2>
E:\my_project_2026\Git_test\stm32f4_DMA_UART_ring_RTOS\RTT_elog_DMA_UART_ring_project\MDK-ARM\RTT_elog_DMA_UART_ring_project.uvprojx
Project File Date:  08/29/2026

<h2>Output:</h2>
*** Using Compiler 'V5.06 update 7 (build 960)', folder: 'E:\APP\ProgramFile\MDK\Core\ARM\ARMCC\Bin'
Rebuild target 'RTT_elog_DMA_UART_ring_project'
assembling startup_stm32f411xe.s...
compiling stm32f4xx_it.c...
compiling stm32f4xx_hal_rcc_ex.c...
compiling stm32f4xx_hal_flash_ramfunc.c...
compiling stm32f4xx_hal_gpio.c...
compiling stm32f4xx_hal_flash_ex.c...
compiling stm32f4xx_hal_timebase_tim.c...
compiling stm32f4xx_hal_flash.c...
compiling usart.c...
../Core/Inc/usart.h(45): warning:  #1295-D: Deprecated declaration USART1_mutex_Init - give arg types
  void USART1_mutex_Init();
../Core/Src/usart.c: 1 warning, 0 errors
compiling stm32f4xx_hal_rcc.c...
compiling stm32f4xx_hal_msp.c...
compiling gpio.c...
compiling stm32f4xx_hal_dma.c...
compiling stm32f4xx_hal_dma_ex.c...
compiling croutine.c...
compiling freertos.c...
../Core/Inc/usart.h(45): warning:  #1295-D: Deprecated declaration USART1_mutex_Init - give arg types
  void USART1_mutex_Init();
../Core/Src/freertos.c: 1 warning, 0 errors
compiling list.c...
compiling event_groups.c...
compiling main.c...
../Core/Inc/usart.h(45): warning:  #1295-D: Deprecated declaration USART1_mutex_Init - give arg types
  void USART1_mutex_Init();
../Core/Src/main.c: 1 warning, 0 errors
compiling queue.c...
compiling stream_buffer.c...
compiling timers.c...
compiling tasks.c...
compiling heap_4.c...
compiling port.c...
compiling platform_object.c...
compiling platform_device.c...
compiling platform_uart.c...
..\03_Platform\platform_mcu\uart\platform_uart.c(41): warning:  #186-D: pointless comparison of unsigned integer with zero
      if ((config->stopBits < PLATFORM_UART_STOP_BITS_1) ||
..\03_Platform\platform_mcu\uart\platform_uart.c(46): warning:  #186-D: pointless comparison of unsigned integer with zero
      if ((config->parity < PLATFORM_UART_PARITY_NONE) ||
..\03_Platform\platform_mcu\uart\platform_uart.c(51): warning:  #186-D: pointless comparison of unsigned integer with zero
      if ((config->flowControl < PLATFORM_UART_FLOW_CONTROL_NONE) ||
..\03_Platform\platform_mcu\uart\platform_uart.c(124): warning:  #186-D: pointless comparison of unsigned integer with zero
          (event->type < PLATFORM_UART_EVENT_TX_COMPLETE) ||
..\03_Platform\platform_mcu\uart\platform_uart.c(126): warning:  #186-D: pointless comparison of unsigned integer with zero
          (event->direction < PLATFORM_UART_DIRECTION_TX) ||
..\03_Platform\platform_mcu\uart\platform_uart.c(413): warning:  #186-D: pointless comparison of unsigned integer with zero
      if ((direction < PLATFORM_UART_DIRECTION_TX) ||
..\03_Platform\platform_mcu\uart\platform_uart.c: 6 warnings, 0 errors
compiling easylogger_port.c...
compiling rtt_elog_port.c...
..\04_Impl\impl_middleware\impl_log\rtt_elog_port.c(1): warning:  #1-D: last line of file ends without a newline
  #include "rtt_elog_port.h"
..\04_Impl\impl_middleware\impl_log\rtt_elog_port.c: 1 warning, 0 errors
compiling stm32f4xx_hal_pwr.c...
compiling SEGGER_RTT.c...
compiling SEGGER_RTT_printf.c...
compiling elog.c...
compiling stm32f4xx_hal_cortex.c...
compiling elog_async.c...
compiling stm32f4xx_hal_pwr_ex.c...
compiling stm32f4xx_hal_exti.c...
compiling elog_buf.c...
compiling stm32f4xx_hal.c...
compiling system_stm32f4xx.c...
compiling elog_utils.c...
compiling stm32f4xx_hal_uart.c...
compiling stm32f4xx_hal_tim_ex.c...
compiling stm32f4xx_hal_tim.c...
compiling impl_platform_uart.c...
../Core/Inc/usart.h(45): warning:  #1295-D: Deprecated declaration USART1_mutex_Init - give arg types
  void USART1_mutex_Init();
..\04_Impl\impl_mcu\impl_platform_uart.c: 1 warning, 0 errors
compiling cmsis_os2.c...
compiling elog_port.c...
../Core/Inc/usart.h(45): warning:  #1295-D: Deprecated declaration USART1_mutex_Init - give arg types
  void USART1_mutex_Init();
..\05_vendors\easylogger\port\elog_port.c(143): warning:  #1-D: last line of file ends without a newline
  }
..\05_vendors\easylogger\port\elog_port.c: 2 warnings, 0 errors
linking...
Program Size: Code=26944 RO-data=916 RW-data=216 ZI-data=43808  
FromELF: creating hex file...
"RTT_elog_DMA_UART_ring_project\RTT_elog_DMA_UART_ring_project.axf" - 0 Error(s), 13 Warning(s).

<h2>Software Packages used:</h2>

Package Vendor: ARM
                http://www.keil.com/pack/ARM.CMSIS.5.9.0.pack
                ARM.CMSIS.5.9.0
                CMSIS (Common Microcontroller Software Interface Standard)
   * Component: CORE Version: 5.6.0

Package Vendor: Keil
                https://www.keil.com/pack/Keil.STM32F4xx_DFP.2.17.1.pack
                Keil.STM32F4xx_DFP.2.17.1
                STMicroelectronics STM32F4 Series Device Support, Drivers and Examples

<h2>Collection of Component include folders:</h2>
  ./RTE/_RTT_elog_DMA_UART_ring_project
  E:/APP/ProgramFile/MDK/Packs/ARM/CMSIS/5.9.0/CMSIS/Core/Include
  E:/APP/ProgramFile/MDK/Packs/Keil/STM32F4xx_DFP/2.17.1/Drivers/CMSIS/Device/ST/STM32F4xx/Include

<h2>Collection of Component Files used:</h2>

   * Component: ARM::CMSIS:CORE:5.6.0
      Include file:  CMSIS/Core/Include/tz_context.h
Build Time Elapsed:  00:00:05
</pre>
</body>
</html>
