*** Using Compiler 'V5.06 update 7 (build 960)', folder: 'E:\APP\ProgramFile\MDK\Core\ARM\ARMCC\Bin'
Rebuild target 'RTT_elog_DMA_UART_ring_project'
assembling startup_stm32f411xe.s...
compiling dma.c...
compiling stm32f4xx_hal_flash_ramfunc.c...
compiling stm32f4xx_hal_rcc.c...
compiling stm32f4xx_hal_flash.c...
compiling stm32f4xx_hal_flash_ex.c...
compiling stm32f4xx_hal_timebase_tim.c...
compiling stm32f4xx_hal_dma_ex.c...
compiling stm32f4xx_hal_msp.c...
compiling stm32f4xx_hal_rcc_ex.c...
compiling gpio.c...
compiling stm32f4xx_hal_gpio.c...
compiling freertos.c...
../Core/Inc/usart.h(45): warning:  #1295-D: Deprecated declaration USART1_mutex_Init - give arg types
  void USART1_mutex_Init();
../Core/Src/freertos.c: 1 warning, 0 errors
compiling main.c...
../Core/Inc/usart.h(45): warning:  #1295-D: Deprecated declaration USART1_mutex_Init - give arg types
  void USART1_mutex_Init();
../Core/Src/main.c: 1 warning, 0 errors
compiling usart.c...
../Core/Inc/usart.h(45): warning:  #1295-D: Deprecated declaration USART1_mutex_Init - give arg types
  void USART1_mutex_Init();
../Core/Src/usart.c: 1 warning, 0 errors
compiling stm32f4xx_it.c...
compiling croutine.c...
compiling list.c...
compiling event_groups.c...
compiling stream_buffer.c...
compiling queue.c...
compiling heap_4.c...
compiling timers.c...
compiling tasks.c...
compiling port.c...
compiling app_system.c...
compiling app_communication.c...
..\01_APP\app_communication.c(180): warning:  #188-D: enumerated type mixed with another type
      service_uart_status_t serviceStatus = {0};
..\01_APP\app_communication.c: 1 warning, 0 errors
compiling ring_buffer.c...
compiling platform_object.c...
compiling platform_device.c...
compiling service_log.c...
compiling service_uart.c...
compiling platform_gpio.c...
..\03_Platform\platform_mcu\gpio\platform_gpio.c(33): warning:  #186-D: pointless comparison of unsigned integer with zero
      if ((config->direction < PLATFORM_GPIO_DIRECTION_INPUT) ||
..\03_Platform\platform_mcu\gpio\platform_gpio.c(38): warning:  #186-D: pointless comparison of unsigned integer with zero
      if ((config->pull < PLATFORM_GPIO_PULL_NONE) ||
..\03_Platform\platform_mcu\gpio\platform_gpio.c(43): warning:  #186-D: pointless comparison of unsigned integer with zero
      if ((config->outputType < PLATFORM_GPIO_OUTPUT_PUSH_PULL) ||
..\03_Platform\platform_mcu\gpio\platform_gpio.c(48): warning:  #186-D: pointless comparison of unsigned integer with zero
      if ((config->initialLevel < PLATFORM_GPIO_LEVEL_LOW) ||
..\03_Platform\platform_mcu\gpio\platform_gpio.c(139): warning:  #186-D: pointless comparison of unsigned integer with zero
      if ((level < PLATFORM_GPIO_LEVEL_LOW) ||
..\03_Platform\platform_mcu\gpio\platform_gpio.c: 5 warnings, 0 errors
compiling platform_uart.c...
..\03_Platform\platform_mcu\uart\platform_uart.c(41): warning:  #186-D: pointless comparison of unsigned integer with zero
      if ((config->stopBits < PLATFORM_UART_STOP_BITS_1) ||
..\03_Platform\platform_mcu\uart\platform_uart.c(46): warning:  #186-D: pointless comparison of unsigned integer with zero
      if ((config->parity < PLATFORM_UART_PARITY_NONE) ||
..\03_Platform\platform_mcu\uart\platform_uart.c(51): warning:  #186-D: pointless comparison of unsigned integer with zero
      if ((config->flowControl < PLATFORM_UART_FLOW_CONTROL_NONE) ||
..\03_Platform\platform_mcu\uart\platform_uart.c(149): warning:  #186-D: pointless comparison of unsigned integer with zero
          (event->type < PLATFORM_UART_EVENT_TX_COMPLETE) ||
..\03_Platform\platform_mcu\uart\platform_uart.c(151): warning:  #186-D: pointless comparison of unsigned integer with zero
          (event->direction < PLATFORM_UART_DIRECTION_TX) ||
..\03_Platform\platform_mcu\uart\platform_uart.c(469): warning:  #186-D: pointless comparison of unsigned integer with zero
      if ((direction < PLATFORM_UART_DIRECTION_TX) ||
..\03_Platform\platform_mcu\uart\platform_uart.c: 6 warnings, 0 errors
compiling stm32f4xx_hal_dma.c...
compiling stm32f4xx_hal_exti.c...
compiling impl_platform_bsp_uart.c...
compiling stm32f4xx_hal_pwr_ex.c...
compiling stm32f4xx_hal.c...
compiling stm32f4xx_hal_pwr.c...
compiling impl_freertos_time.c...
compiling stm32f4xx_hal_cortex.c...
compiling stm32f4xx_hal_uart.c...
compiling impl_freertos_mutex.c...
compiling impl_freertos_thread.c...
..\04_Impl\impl_os\freertos\impl_freertos_thread.c(17): warning:  #186-D: pointless comparison of unsigned integer with zero
      return (priority >= PLATFORM_THREAD_PRIORITY_LOW) &&
..\04_Impl\impl_os\freertos\impl_freertos_thread.c: 1 warning, 0 errors
compiling impl_freertos_semaphore.c...
compiling impl_freertos_queue.c...
compiling system_stm32f4xx.c...
compiling impl_freertos_timer.c...
compiling stm32f4xx_hal_tim_ex.c...
compiling rtt_elog_port.c...
..\04_Impl\impl_middleware\impl_log\rtt_elog_port.c(1): warning:  #1-D: last line of file ends without a newline
  #include "rtt_elog_port.h"
..\04_Impl\impl_middleware\impl_log\rtt_elog_port.c: 1 warning, 0 errors
compiling impl_freertos_notify.c...
compiling easylogger_port.c...
compiling SEGGER_RTT_printf.c...
compiling SEGGER_RTT.c...
compiling stm32f4xx_hal_tim.c...
compiling elog.c...
compiling elog_async.c...
compiling elog_buf.c...
compiling elog_utils.c...
compiling impl_platform_gpio.c...
compiling cmsis_os2.c...
compiling impl_platform_bsp_gpio.c...
compiling board_gpio_smoke.c...
compiling impl_platform_uart.c...
../Core/Inc/usart.h(45): warning:  #1295-D: Deprecated declaration USART1_mutex_Init - give arg types
  void USART1_mutex_Init();
..\04_Impl\impl_mcu\impl_platform_uart.c: 1 warning, 0 errors
compiling elog_port.c...
../Core/Inc/usart.h(45): warning:  #1295-D: Deprecated declaration USART1_mutex_Init - give arg types
  void USART1_mutex_Init();
..\05_vendors\easylogger\port\elog_port.c(143): warning:  #1-D: last line of file ends without a newline
  }
..\05_vendors\easylogger\port\elog_port.c: 2 warnings, 0 errors
linking...
Program Size: Code=39792 RO-data=1368 RW-data=248 ZI-data=44736  
FromELF: creating hex file...
"Objects\RTT_elog_DMA_UART_ring_project.axf" - 0 Error(s), 20 Warning(s).
Build Time Elapsed:  00:00:05
