*** Using Compiler 'V5.06 update 7 (build 960)', folder: 'E:\APP\ProgramFile\MDK\Core\ARM\ARMCC\Bin'
Rebuild target 'RTT_elog_DMA_UART_ring_project'
assembling startup_stm32f411xe.s...
compiling stm32f4xx_hal_msp.c...
compiling gpio.c...
Error: C4051E: couldn't write file 'rtt_elog_dma_uart_ring_project\gpio.o': Invalid argument
compiling stm32f4xx_hal_gpio.c...
Error: C4051E: couldn't write file 'rtt_elog_dma_uart_ring_project\stm32f4xx_hal_gpio.o': Invalid argument
compiling stm32f4xx_hal_flash.c...
Error: C4051E: couldn't write file 'rtt_elog_dma_uart_ring_project\stm32f4xx_hal_flash.o': Invalid argument
compiling usart.c...
../Core/Inc/usart.h(45): warning:  #1295-D: Deprecated declaration USART1_mutex_Init - give arg types
  void USART1_mutex_Init();
Error: C4051E: couldn't write file 'rtt_elog_dma_uart_ring_project\usart.o': Invalid argument
compiling stm32f4xx_hal_timebase_tim.c...
Error: C4051E: couldn't write file 'rtt_elog_dma_uart_ring_project\stm32f4xx_hal_timebase_tim.o': Invalid argument
compiling stm32f4xx_hal_dma.c...
compiling stm32f4xx_hal_flash_ramfunc.c...
compiling stm32f4xx_it.c...
compiling stm32f4xx_hal_rcc_ex.c...
compiling stm32f4xx_hal_dma_ex.c...
compiling stm32f4xx_hal_flash_ex.c...
compiling stm32f4xx_hal_rcc.c...
compiling freertos.c...
../Core/Inc/usart.h(45): warning:  #1295-D: Deprecated declaration USART1_mutex_Init - give arg types
  void USART1_mutex_Init();
../Core/Src/freertos.c: 1 warning, 0 errors
compiling main.c...
../Core/Inc/usart.h(45): warning:  #1295-D: Deprecated declaration USART1_mutex_Init - give arg types
  void USART1_mutex_Init();
../Core/Src/main.c: 1 warning, 0 errors
compiling croutine.c...
compiling list.c...
compiling event_groups.c...
compiling queue.c...
compiling stream_buffer.c...
compiling timers.c...
compiling heap_4.c...
compiling tasks.c...
compiling platform_object.c...
compiling platform_device.c...
compiling platform_uart.c...
..\03_Platform\platform_mcu\uart\platform_uart.c(41): warning:  #186-D: pointless comparison of unsigned integer with zero
      if ((config->stopBits < PLATFORM_UART_STOP_BITS_1) ||
..\03_Platform\platform_mcu\uart\platform_uart.c(46): warning:  #186-D: pointless comparison of unsigned integer with zero
      if ((config->parity < PLATFORM_UART_PARITY_NONE) ||
..\03_Platform\platform_mcu\uart\platform_uart.c(51): warning:  #186-D: pointless comparison of unsigned integer with zero
      if ((config->flowControl < PLATFORM_UART_FLOW_CONTROL_NONE) ||
..\03_Platform\platform_mcu\uart\platform_uart.c(124): warning:  #186-D: pointless comparison of unsigned integer with zero
          (event->type < PLATFORM_UART_EVENT_TX_COMPLETE) ||
..\03_Platform\platform_mcu\uart\platform_uart.c(126): warning:  #186-D: pointless comparison of unsigned integer with zero
          (event->direction < PLATFORM_UART_DIRECTION_TX) ||
..\03_Platform\platform_mcu\uart\platform_uart.c(413): warning:  #186-D: pointless comparison of unsigned integer with zero
      if ((direction < PLATFORM_UART_DIRECTION_TX) ||
..\03_Platform\platform_mcu\uart\platform_uart.c: 6 warnings, 0 errors
compiling port.c...
compiling rtt_elog_port.c...
..\04_Impl\impl_middleware\impl_log\rtt_elog_port.c(1): warning:  #1-D: last line of file ends without a newline
  #include "rtt_elog_port.h"
..\04_Impl\impl_middleware\impl_log\rtt_elog_port.c: 1 warning, 0 errors
compiling easylogger_port.c...
compiling SEGGER_RTT_printf.c...
compiling SEGGER_RTT.c...
compiling elog_async.c...
compiling elog.c...
compiling elog_utils.c...
compiling elog_buf.c...
compiling stm32f4xx_hal_pwr_ex.c...
compiling stm32f4xx_hal_pwr.c...
compiling stm32f4xx_hal.c...
compiling system_stm32f4xx.c...
compiling stm32f4xx_hal_cortex.c...
compiling stm32f4xx_hal_exti.c...
compiling stm32f4xx_hal_tim_ex.c...
compiling stm32f4xx_hal_uart.c...
compiling impl_platform_uart.c...
../Core/Inc/usart.h(45): warning:  #1295-D: Deprecated declaration USART1_mutex_Init - give arg types
  void USART1_mutex_Init();
..\04_Impl\impl_mcu\impl_platform_uart.c: 1 warning, 0 errors
compiling stm32f4xx_hal_tim.c...
compiling cmsis_os2.c...
compiling elog_port.c...
../Core/Inc/usart.h(45): warning:  #1295-D: Deprecated declaration USART1_mutex_Init - give arg types
  void USART1_mutex_Init();
..\05_vendors\easylogger\port\elog_port.c(143): warning:  #1-D: last line of file ends without a newline
  }
Error: C4051E: couldn't write file 'rtt_elog_dma_uart_ring_project\elog_port.o': Invalid argument
"RTT_elog_DMA_UART_ring_project\RTT_elog_DMA_UART_ring_project.axf" - 4 Error(s), 13 Warning(s).
Target not created.
Build Time Elapsed:  00:00:05
